Archive member included because of file (symbol)

c:/freescale/kds_v3/toolchain/bin/../lib/gcc/arm-none-eabi/4.8.4/../../../../arm-none-eabi/lib/armv7e-m/fpu\libg_s.a(lib_a-exit.o)
                              c:/freescale/kds_v3/toolchain/bin/../lib/gcc/arm-none-eabi/4.8.4/../../../../arm-none-eabi/lib/armv7e-m/fpu/crt0.o (exit)
c:/freescale/kds_v3/toolchain/bin/../lib/gcc/arm-none-eabi/4.8.4/../../../../arm-none-eabi/lib/armv7e-m/fpu\libg_s.a(lib_a-impure.o)
                              c:/freescale/kds_v3/toolchain/bin/../lib/gcc/arm-none-eabi/4.8.4/../../../../arm-none-eabi/lib/armv7e-m/fpu\libg_s.a(lib_a-exit.o) (_global_impure_ptr)
c:/freescale/kds_v3/toolchain/bin/../lib/gcc/arm-none-eabi/4.8.4/../../../../arm-none-eabi/lib/armv7e-m/fpu\libg_s.a(lib_a-init.o)
                              c:/freescale/kds_v3/toolchain/bin/../lib/gcc/arm-none-eabi/4.8.4/../../../../arm-none-eabi/lib/armv7e-m/fpu/crt0.o (__libc_init_array)
c:/freescale/kds_v3/toolchain/bin/../lib/gcc/arm-none-eabi/4.8.4/../../../../arm-none-eabi/lib/armv7e-m/fpu\libg_s.a(lib_a-memset.o)
                              c:/freescale/kds_v3/toolchain/bin/../lib/gcc/arm-none-eabi/4.8.4/../../../../arm-none-eabi/lib/armv7e-m/fpu/crt0.o (memset)
c:/freescale/kds_v3/toolchain/bin/../lib/gcc/arm-none-eabi/4.8.4/../../../../arm-none-eabi/lib/armv7e-m/fpu\libnosys.a(_exit.o)
                              c:/freescale/kds_v3/toolchain/bin/../lib/gcc/arm-none-eabi/4.8.4/../../../../arm-none-eabi/lib/armv7e-m/fpu\libg_s.a(lib_a-exit.o) (_exit)

Allocating common symbols
Common symbol       size              file

SR_reg              0x1               ./Static_Code/System/CPU_Init.o

Discarded input sections

 .text          0x00000000        0x0 c:/freescale/kds_v3/toolchain/bin/../lib/gcc/arm-none-eabi/4.8.4/armv7e-m/fpu/crti.o
 .data          0x00000000        0x0 c:/freescale/kds_v3/toolchain/bin/../lib/gcc/arm-none-eabi/4.8.4/armv7e-m/fpu/crti.o
 .bss           0x00000000        0x0 c:/freescale/kds_v3/toolchain/bin/../lib/gcc/arm-none-eabi/4.8.4/armv7e-m/fpu/crti.o
 .data          0x00000000        0x4 c:/freescale/kds_v3/toolchain/bin/../lib/gcc/arm-none-eabi/4.8.4/armv7e-m/fpu/crtbegin.o
 .data          0x00000000        0x0 c:/freescale/kds_v3/toolchain/bin/../lib/gcc/arm-none-eabi/4.8.4/../../../../arm-none-eabi/lib/armv7e-m/fpu/crt0.o
 .bss           0x00000000        0x0 c:/freescale/kds_v3/toolchain/bin/../lib/gcc/arm-none-eabi/4.8.4/../../../../arm-none-eabi/lib/armv7e-m/fpu/crt0.o
 .ARM.extab     0x00000000        0x0 c:/freescale/kds_v3/toolchain/bin/../lib/gcc/arm-none-eabi/4.8.4/../../../../arm-none-eabi/lib/armv7e-m/fpu/crt0.o
 .group         0x00000000        0x8 ./Static_Code/System/CPU_Init.o
 .group         0x00000000        0x8 ./Static_Code/System/CPU_Init.o
 .group         0x00000000        0x8 ./Static_Code/System/CPU_Init.o
 .group         0x00000000        0x8 ./Static_Code/System/CPU_Init.o
 .group         0x00000000        0x8 ./Static_Code/System/CPU_Init.o
 .group         0x00000000        0x8 ./Static_Code/System/CPU_Init.o
 .group         0x00000000        0x8 ./Static_Code/System/CPU_Init.o
 .group         0x00000000        0x8 ./Static_Code/System/CPU_Init.o
 .group         0x00000000        0x8 ./Static_Code/System/CPU_Init.o
 .group         0x00000000        0x8 ./Static_Code/System/CPU_Init.o
 .group         0x00000000        0x8 ./Static_Code/System/CPU_Init.o
 .group         0x00000000        0x8 ./Static_Code/System/CPU_Init.o
 .group         0x00000000        0x8 ./Static_Code/System/CPU_Init.o
 .group         0x00000000        0x8 ./Static_Code/System/CPU_Init.o
 .group         0x00000000        0x8 ./Static_Code/System/CPU_Init.o
 .group         0x00000000        0x8 ./Static_Code/System/CPU_Init.o
 .group         0x00000000        0x8 ./Static_Code/System/CPU_Init.o
 .group         0x00000000        0x8 ./Static_Code/System/CPU_Init.o
 .group         0x00000000        0x8 ./Static_Code/System/CPU_Init.o
 .group         0x00000000        0x8 ./Static_Code/System/CPU_Init.o
 .group         0x00000000        0x8 ./Static_Code/System/CPU_Init.o
 .group         0x00000000        0x8 ./Static_Code/System/CPU_Init.o
 .group         0x00000000        0x8 ./Static_Code/System/CPU_Init.o
 .group         0x00000000        0x8 ./Static_Code/System/CPU_Init.o
 .group         0x00000000        0x8 ./Static_Code/System/CPU_Init.o
 .group         0x00000000        0x8 ./Static_Code/System/CPU_Init.o
 .group         0x00000000        0x8 ./Static_Code/System/CPU_Init.o
 .group         0x00000000        0x8 ./Static_Code/System/CPU_Init.o
 .group         0x00000000        0x8 ./Static_Code/System/CPU_Init.o
 .group         0x00000000        0x8 ./Static_Code/System/CPU_Init.o
 .group         0x00000000        0x8 ./Static_Code/System/CPU_Init.o
 .group         0x00000000        0x8 ./Static_Code/System/CPU_Init.o
 .group         0x00000000        0x8 ./Static_Code/System/CPU_Init.o
[...]
Memory Configuration

Name             Origin             Length             Attributes
m_interrupts     0x00000000         0x00000198         xr
m_text           0x00000410         0x000ffbf0         xr
m_data_1FFF0000  0x1fff0000         0x00010000         rw
m_data           0x20000000         0x00030000         rw
m_cfmprotrom     0x00000400         0x00000010         xr
*default*        0x00000000         0xffffffff

Linker script and memory map

LOAD c:/freescale/kds_v3/toolchain/bin/../lib/gcc/arm-none-eabi/4.8.4/armv7e-m/fpu/crti.o
LOAD c:/freescale/kds_v3/toolchain/bin/../lib/gcc/arm-none-eabi/4.8.4/armv7e-m/fpu/crtbegin.o
LOAD c:/freescale/kds_v3/toolchain/bin/../lib/gcc/arm-none-eabi/4.8.4/../../../../arm-none-eabi/lib/armv7e-m/fpu/crt0.o
LOAD ./Static_Code/System/CPU_Init.o
LOAD ./Static_Code/System/Peripherals_Init.o
LOAD ./Static_Code/System/Vectors.o
LOAD ./Sources/Events.o
LOAD ./Sources/main.o
LOAD ./Project_Settings/Startup_Code/startup.o
LOAD ./Generated_Code/AS1.o
LOAD ./Generated_Code/CS1.o
LOAD ./Generated_Code/Cpu.o
LOAD ./Generated_Code/CsIO1.o
LOAD ./Generated_Code/IO1.o
LOAD ./Generated_Code/KSDK1.o
LOAD ./Generated_Code/PE_LDD.o
LOAD ./Generated_Code/Pins1.o
LOAD ./Generated_Code/RNG1.o
LOAD c:/freescale/kds_v3/toolchain/bin/../lib/gcc/arm-none-eabi/4.8.4/../../../../arm-none-eabi/lib/armv7e-m/fpu\libstdc++_s.a
LOAD c:/freescale/kds_v3/toolchain/bin/../lib/gcc/arm-none-eabi/4.8.4/../../../../arm-none-eabi/lib/armv7e-m/fpu\libm.a
START GROUP
LOAD c:/freescale/kds_v3/toolchain/bin/../lib/gcc/arm-none-eabi/4.8.4/armv7e-m/fpu\libgcc.a
LOAD c:/freescale/kds_v3/toolchain/bin/../lib/gcc/arm-none-eabi/4.8.4/../../../../arm-none-eabi/lib/armv7e-m/fpu\libg_s.a
LOAD c:/freescale/kds_v3/toolchain/bin/../lib/gcc/arm-none-eabi/4.8.4/../../../../arm-none-eabi/lib/armv7e-m/fpu\libc_s.a
END GROUP
START GROUP
LOAD c:/freescale/kds_v3/toolchain/bin/../lib/gcc/arm-none-eabi/4.8.4/armv7e-m/fpu\libgcc.a
LOAD c:/freescale/kds_v3/toolchain/bin/../lib/gcc/arm-none-eabi/4.8.4/../../../../arm-none-eabi/lib/armv7e-m/fpu\libc_s.a
LOAD c:/freescale/kds_v3/toolchain/bin/../lib/gcc/arm-none-eabi/4.8.4/../../../../arm-none-eabi/lib/armv7e-m/fpu\libnosys.a
END GROUP
START GROUP
LOAD c:/freescale/kds_v3/toolchain/bin/../lib/gcc/arm-none-eabi/4.8.4/armv7e-m/fpu\libgcc.a
LOAD c:/freescale/kds_v3/toolchain/bin/../lib/gcc/arm-none-eabi/4.8.4/../../../../arm-none-eabi/lib/armv7e-m/fpu\libc_s.a
LOAD c:/freescale/kds_v3/toolchain/bin/../lib/gcc/arm-none-eabi/4.8.4/../../../../arm-none-eabi/lib/armv7e-m/fpu\libnosys.a
END GROUP
LOAD c:/freescale/kds_v3/toolchain/bin/../lib/gcc/arm-none-eabi/4.8.4/armv7e-m/fpu/crtend.o
LOAD c:/freescale/kds_v3/toolchain/bin/../lib/gcc/arm-none-eabi/4.8.4/armv7e-m/fpu/crtn.o
                0x20030000                _estack = 0x20030000
                0x20030000                __SP_INIT = _estack
                0x20030000                __stack = _estack
                0x00000000                __heap_size = 0x0
                0x00000400                __stack_size = 0x400

.interrupts     0x00000000      0x198
                0x00000000                __vector_table = .
                0x00000000                . = ALIGN (0x4)
 *(.vectortable)
 .vectortable   0x00000000      0x198 ./Static_Code/System/Vectors.o
                0x00000000                __vect_table
                0x00000198                . = ALIGN (0x4)

.cfmprotect     0x00000400        0x0
                0x00000400                . = ALIGN (0x4)
 *(.cfmconfig)
                0x00000400                . = ALIGN (0x4)

.text           0x00000410      0xe90
                0x00000410                . = ALIGN (0x4)
 *(.text)
 .text          0x00000410       0x54 c:/freescale/kds_v3/toolchain/bin/../lib/gcc/arm-none-eabi/4.8.4/armv7e-m/fpu/crtbegin.o
 .text          0x00000464       0x74 c:/freescale/kds_v3/toolchain/bin/../lib/gcc/arm-none-eabi/4.8.4/../../../../arm-none-eabi/lib/armv7e-m/fpu/crt0.o
                0x00000464                _start
                0x00000464                _mainCRTStartup
 *(.text*)
 .text.CPU_SetBASEPRI
                0x000004d8       0x18 ./Static_Code/System/CPU_Init.o
                0x000004d8                CPU_SetBASEPRI
 .text.__init_hardware
                0x000004f0       0xdc ./Static_Code/System/CPU_Init.o
                0x000004f0                __init_hardware
 .text.PE_low_level_init
                0x000005cc       0x10 ./Static_Code/System/CPU_Init.o
                0x000005cc                PE_low_level_init
 .text.CPU_GetClockGenMode
                0x000005dc       0x90 ./Static_Code/System/CPU_Init.o
                0x000005dc                CPU_GetClockGenMode
 .text.CPU_SetClockConfigGenMode
                0x0000066c      0x54c ./Static_Code/System/CPU_Init.o
                0x0000066c                CPU_SetClockConfigGenMode
 .text.UnhandledInterrupt
                0x00000bb8       0x18 ./Static_Code/System/Vectors.o
                0x00000bb8                UnhandledInterrupt
 .text.Cpu_OnNMI
                0x00000bd0        0xc ./Sources/Events.o
                0x00000bd0                Cpu_OnNMI
 .text.AS1_OnBlockReceived
                0x00000bdc       0x14 ./Sources/Events.o
                0x00000bdc                AS1_OnBlockReceived
 .text.AS1_OnBlockSent
                0x00000bf0       0x14 ./Sources/Events.o
                0x00000bf0                AS1_OnBlockSent
 .text.main     0x00000c04        0xc ./Sources/main.o
                0x00000c04                main
 .text.__copy_rom_section
                0x00000c10       0xe4 ./Project_Settings/Startup_Code/startup.o
                0x00000c10                __copy_rom_section
 .text.__copy_rom_sections_to_ram
                0x00000cf4       0x9c ./Project_Settings/Startup_Code/startup.o
                0x00000cf4                __copy_rom_sections_to_ram
 .text.__init_registers
                0x00000d90       0x20 ./Project_Settings/Startup_Code/startup.o
                0x00000d90                __init_registers
 .text.__init_user
                0x00000db0        0xc ./Project_Settings/Startup_Code/startup.o
                0x00000db0                __init_user
 .text.__thumb_startup
                0x00000dbc       0x34 ./Project_Settings/Startup_Code/startup.o
                0x00000dbc                __thumb_startup
 .text.InterruptRx
                0x00000df0       0x58 ./Generated_Code/AS1.o
 .text.InterruptTx
                0x00000e48       0x80 ./Generated_Code/AS1.o
 .text.AS1_Interrupt
                0x00000ec8       0x68 ./Generated_Code/AS1.o
                0x00000ec8                AS1_Interrupt
 .text.Components_Init
                0x00000f30       0x10 ./Generated_Code/Cpu.o
                0x00000f30                Components_Init
 .text.Cpu_INT_NMIInterrupt
                0x00000f40       0x1c ./Generated_Code/Cpu.o
                0x00000f40                Cpu_INT_NMIInterrupt
 .text.IO1_Init
                0x00000f5c      0x174 ./Generated_Code/IO1.o
                0x00000f5c                IO1_Init
 .text.RNG1_Init
                0x000010d0       0x2c ./Generated_Code/RNG1.o
                0x000010d0                RNG1_Init
 .text.exit     0x000010fc       0x28 c:/freescale/kds_v3/toolchain/bin/../lib/gcc/arm-none-eabi/4.8.4/../../../../arm-none-eabi/lib/armv7e-m/fpu\libg_s.a(lib_a-exit.o)
                0x000010fc                exit
 .text.__libc_init_array
                0x00001124       0x4c c:/freescale/kds_v3/toolchain/bin/../lib/gcc/arm-none-eabi/4.8.4/../../../../arm-none-eabi/lib/armv7e-m/fpu\libg_s.a(lib_a-init.o)
                0x00001124                __libc_init_array
 .text.memset   0x00001170       0x10 c:/freescale/kds_v3/toolchain/bin/../lib/gcc/arm-none-eabi/4.8.4/../../../../arm-none-eabi/lib/armv7e-m/fpu\libg_s.a(lib_a-memset.o)
                0x00001170                memset
 .text._exit    0x00001180        0x4 c:/freescale/kds_v3/toolchain/bin/../lib/gcc/arm-none-eabi/4.8.4/../../../../arm-none-eabi/lib/armv7e-m/fpu\libnosys.a(_exit.o)
                0x00001180                _exit
 *(.rodata)
 *(.rodata*)
 .rodata.ClockGenModeMatrix
                0x00001184       0x80 ./Static_Code/System/CPU_Init.o
 .rodata.CPU_ClockConfigDescriptors
                0x00001204       0x1c ./Static_Code/System/CPU_Init.o
 .rodata.CPU_DefaultFEI
                0x00001220        0x8 ./Static_Code/System/CPU_Init.o
 .rodata.CPU_DefaultFBI
                0x00001228        0x8 ./Static_Code/System/CPU_Init.o
 .rodata.CPU_DefaultBLPI
                0x00001230        0x8 ./Static_Code/System/CPU_Init.o
 .rodata.CPU_DefaultFEE
                0x00001238        0x8 ./Static_Code/System/CPU_Init.o
 .rodata.CPU_DefaultFBE
                0x00001240        0x8 ./Static_Code/System/CPU_Init.o
 .rodata.CPU_DefaultBLPE
                0x00001248        0x8 ./Static_Code/System/CPU_Init.o
 .rodata.CPU_DefaultPBE
                0x00001250        0x8 ./Static_Code/System/CPU_Init.o
 .rodata.CPU_DefaultPEE
                0x00001258        0x8 ./Static_Code/System/CPU_Init.o
 .rodata.CPU_ClockGenModeRegs
                0x00001260       0x20 ./Static_Code/System/CPU_Init.o
 .rodata.str1.1
                0x00001280        0x2 c:/freescale/kds_v3/toolchain/bin/../lib/gcc/arm-none-eabi/4.8.4/../../../../arm-none-eabi/lib/armv7e-m/fpu\libg_s.a(lib_a-impure.o)
 *fill*         0x00001282        0x2 
 .rodata._global_impure_ptr
                0x00001284        0x4 c:/freescale/kds_v3/toolchain/bin/../lib/gcc/arm-none-eabi/4.8.4/../../../../arm-none-eabi/lib/armv7e-m/fpu\libg_s.a(lib_a-impure.o)
                0x00001284                _global_impure_ptr
 *(.glue_7)
 .glue_7        0x00000000        0x0 linker stubs
 *(.glue_7t)
 .glue_7t       0x00000000        0x0 linker stubs
 *(.eh_frame)
 .eh_frame      0x00001288        0x0 c:/freescale/kds_v3/toolchain/bin/../lib/gcc/arm-none-eabi/4.8.4/armv7e-m/fpu/crtbegin.o
 *(.init)
 .init          0x00001288        0x4 c:/freescale/kds_v3/toolchain/bin/../lib/gcc/arm-none-eabi/4.8.4/armv7e-m/fpu/crti.o
                0x00001288                _init
 .init          0x0000128c        0x8 c:/freescale/kds_v3/toolchain/bin/../lib/gcc/arm-none-eabi/4.8.4/armv7e-m/fpu/crtn.o
 *(.fini)
 .fini          0x00001294        0x4 c:/freescale/kds_v3/toolchain/bin/../lib/gcc/arm-none-eabi/4.8.4/armv7e-m/fpu/crti.o
                0x00001294                _fini
 .fini          0x00001298        0x8 c:/freescale/kds_v3/toolchain/bin/../lib/gcc/arm-none-eabi/4.8.4/armv7e-m/fpu/crtn.o
                0x000012a0                . = ALIGN (0x4)
                0x000012a0                _etext = .

.vfp11_veneer   0x000012a0        0x0
 .vfp11_veneer  0x00000000        0x0 linker stubs

.v4_bx          0x000012a0        0x0
 .v4_bx         0x00000000        0x0 linker stubs

.iplt           0x000012a0        0x0
 .iplt          0x00000000        0x0 c:/freescale/kds_v3/toolchain/bin/../lib/gcc/arm-none-eabi/4.8.4/armv7e-m/fpu/crtbegin.o

.ARM.extab
 *(.ARM.extab* .gnu.linkonce.armextab.*)

.ARM            0x000012a0        0x8
                0x000012a0                __exidx_start = .
 *(.ARM.exidx*)
 .ARM.exidx     0x000012a0        0x8 c:/freescale/kds_v3/toolchain/bin/../lib/gcc/arm-none-eabi/4.8.4/../../../../arm-none-eabi/lib/armv7e-m/fpu/crt0.o
                0x000012a8                __exidx_end = .

.rel.dyn        0x000012a8        0x0
 .rel.iplt      0x00000000        0x0 c:/freescale/kds_v3/toolchain/bin/../lib/gcc/arm-none-eabi/4.8.4/armv7e-m/fpu/crtbegin.o

.ctors          0x000012a8        0x0
                0x000012a8                __CTOR_LIST__ = .
 *crtbegin.o(.ctors)
 *(EXCLUDE_FILE(*crtend.o) .ctors)
 *(SORT(.ctors.*))
 *(.ctors)
                0x000012a8                __CTOR_END__ = .

.dtors          0x000012a8        0x0
                0x000012a8                __DTOR_LIST__ = .
 *crtbegin.o(.dtors)
 *(EXCLUDE_FILE(*crtend.o) .dtors)
 *(SORT(.dtors.*))
 *(.dtors)
                0x000012a8                __DTOR_END__ = .

.preinit_array  0x000012a8        0x0
                0x000012a8                PROVIDE (__preinit_array_start, .)
 *(.preinit_array*)
                0x000012a8                PROVIDE (__preinit_array_end, .)

.init_array     0x000012a8        0x4
                0x000012a8                PROVIDE (__init_array_start, .)
 *(SORT(.init_array.*))
 *(.init_array*)
 .init_array    0x000012a8        0x4 c:/freescale/kds_v3/toolchain/bin/../lib/gcc/arm-none-eabi/4.8.4/armv7e-m/fpu/crtbegin.o
                0x000012ac                PROVIDE (__init_array_end, .)

.fini_array     0x000012ac        0x4
                0x000012ac                PROVIDE (__fini_array_start, .)
 *(SORT(.fini_array.*))
 *(.fini_array*)
 .fini_array    0x000012ac        0x4 c:/freescale/kds_v3/toolchain/bin/../lib/gcc/arm-none-eabi/4.8.4/armv7e-m/fpu/crtbegin.o
                0x000012b0                PROVIDE (__fini_array_end, .)
                0x000012b0                ___ROM_AT = .

.data           0x20000000       0x60 load address 0x000012b0
                0x20000000                . = ALIGN (0x4)
                0x20000000                _sdata = .
 *(.data)
 *(.data*)
 .data.impure_data
                0x20000000       0x60 c:/freescale/kds_v3/toolchain/bin/../lib/gcc/arm-none-eabi/4.8.4/../../../../arm-none-eabi/lib/armv7e-m/fpu\libg_s.a(lib_a-impure.o)
                0x20000060                . = ALIGN (0x4)
                0x20000060                _edata = .
                0x00000060                ___data_size = (_edata - _sdata)
                0x00001310                ___m_data_1FFF0000_ROMStart = (___ROM_AT + SIZEOF (.data))

.jcr            0x20000060        0x0 load address 0x00001310
 .jcr           0x20000060        0x0 c:/freescale/kds_v3/toolchain/bin/../lib/gcc/arm-none-eabi/4.8.4/armv7e-m/fpu/crtbegin.o

.igot.plt       0x20000060        0x0 load address 0x00001310
 .igot.plt      0x00000000        0x0 c:/freescale/kds_v3/toolchain/bin/../lib/gcc/arm-none-eabi/4.8.4/armv7e-m/fpu/crtbegin.o

.m_data_1FFF0000
                0x1fff0000        0x0 load address 0x00001310
                0x1fff0000                . = ALIGN (0x4)
                0x1fff0000                ___m_data_1FFF0000_RAMStart = .
 *(.m_data_1FFF0000)
                0x1fff0000                ___m_data_1FFF0000_RAMEnd = .
                0x1fff0000                . = ALIGN (0x4)
                0x00000000                ___m_data_1FFF0000_ROMSize = (___m_data_1FFF0000_RAMEnd - ___m_data_1FFF0000_RAMStart)
                0x1fff0000                . = ALIGN (0x4)

.bss            0x20000060       0x44 load address 0x00001310
                0x20000060                __START_BSS = .
                0x20000060                PROVIDE (__bss_start__, __START_BSS)
 *(.bss)
 .bss           0x20000060       0x1c c:/freescale/kds_v3/toolchain/bin/../lib/gcc/arm-none-eabi/4.8.4/armv7e-m/fpu/crtbegin.o
 *(.bss*)
 .bss.INT_UART1_RX_TX__DEFAULT_RTOS_ISRPARAM
                0x2000007c        0x4 ./Generated_Code/AS1.o
 .bss.DeviceDataPrv__DEFAULT_RTOS_ALLOC
                0x20000080       0x18 ./Generated_Code/IO1.o
 .bss.PE_LDD_DeviceDataList
                0x20000098        0x8 ./Generated_Code/PE_LDD.o
                0x20000098                PE_LDD_DeviceDataList
 .bss.RNG1_inIdx
                0x200000a0        0x1 ./Generated_Code/RNG1.o
 .bss.RNG1_outIdx
                0x200000a1        0x1 ./Generated_Code/RNG1.o
 .bss.RNG1_inSize
                0x200000a2        0x1 ./Generated_Code/RNG1.o
 *(COMMON)
                0x200000a4                . = ALIGN (0x4)
 *fill*         0x200000a3        0x1 
                0x200000a4                __END_BSS = .
                0x200000a4                PROVIDE (__bss_end__, __END_BSS)
                0x00001310                _romp_at = ((___ROM_AT + SIZEOF (.data)) + SIZEOF (.m_data_1FFF0000))

.romp           0x200000a4       0x24 load address 0x00001310
                0x00001310                __S_romp = _romp_at
                0x200000a4        0x4 LONG 0x12b0 ___ROM_AT
                0x200000a8        0x4 LONG 0x20000000 _sdata
                0x200000ac        0x4 LONG 0x60 ___data_size
                0x200000b0        0x4 LONG 0x1310 ___m_data_1FFF0000_ROMStart
                0x200000b4        0x4 LONG 0x1fff0000 ___m_data_1FFF0000_RAMStart
                0x200000b8        0x4 LONG 0x0 ___m_data_1FFF0000_ROMSize
                0x200000bc        0x4 LONG 0x0
                0x200000c0        0x4 LONG 0x0
                0x200000c4        0x4 LONG 0x0
                0x00100000                text_end = (ORIGIN (m_text) + 0xffbf0)
                0x00001334                data_init_end = ((___m_data_1FFF0000_ROMStart + SIZEOF (.m_data_1FFF0000)) + SIZEOF (.romp))
                0x00000001                ASSERT ((data_init_end <= text_end), region m_text overflowed with text and data)

._user_heap_stack
                0x200000c8      0x400 load address 0x00001334
                0x200000c8                . = ALIGN (0x4)
                0x200000c8                PROVIDE (end, .)
                0x200000c8                PROVIDE (_end, .)
                0x200000c8                PROVIDE (__end__, .)
                0x200000c8                __heap_addr = .
                0x200000c8                __HeapBase = .
                0x200000c8                . = (. + __heap_size)
                0x200000c8                __HeapLimit = .
                0x200004c8                . = (. + __stack_size)
 *fill*         0x200000c8      0x400 
                0x200004c8                . = ALIGN (0x4)

.ARM.attributes
                0x00000000       0x30
 *(.ARM.attributes)
 .ARM.attributes
                0x00000000       0x22 c:/freescale/kds_v3/toolchain/bin/../lib/gcc/arm-none-eabi/4.8.4/armv7e-m/fpu/crti.o
 .ARM.attributes
                0x00000022       0x34 c:/freescale/kds_v3/toolchain/bin/../lib/gcc/arm-none-eabi/4.8.4/armv7e-m/fpu/crtbegin.o
 .ARM.attributes
                0x00000056       0x20 c:/freescale/kds_v3/toolchain/bin/../lib/gcc/arm-none-eabi/4.8.4/../../../../arm-none-eabi/lib/armv7e-m/fpu/crt0.o
 .ARM.attributes
                0x00000076       0x39 ./Static_Code/System/CPU_Init.o
 .ARM.attributes
                0x000000af       0x39 ./Static_Code/System/Vectors.o
 .ARM.attributes
                0x000000e8       0x39 ./Sources/Events.o
 .ARM.attributes
                0x00000121       0x39 ./Sources/main.o
 .ARM.attributes
                0x0000015a       0x39 ./Project_Settings/Startup_Code/startup.o
 .ARM.attributes
                0x00000193       0x39 ./Generated_Code/AS1.o
 .ARM.attributes
                0x000001cc       0x39 ./Generated_Code/Cpu.o
 .ARM.attributes
                0x00000205       0x39 ./Generated_Code/IO1.o
 .ARM.attributes
                0x0000023e       0x39 ./Generated_Code/PE_LDD.o
 .ARM.attributes
                0x00000277       0x39 ./Generated_Code/RNG1.o
 .ARM.attributes
                0x000002b0       0x34 c:/freescale/kds_v3/toolchain/bin/../lib/gcc/arm-none-eabi/4.8.4/../../../../arm-none-eabi/lib/armv7e-m/fpu\libg_s.a(lib_a-exit.o)
 .ARM.attributes
                0x000002e4       0x34 c:/freescale/kds_v3/toolchain/bin/../lib/gcc/arm-none-eabi/4.8.4/../../../../arm-none-eabi/lib/armv7e-m/fpu\libg_s.a(lib_a-impure.o)
 .ARM.attributes
                0x00000318       0x34 c:/freescale/kds_v3/toolchain/bin/../lib/gcc/arm-none-eabi/4.8.4/../../../../arm-none-eabi/lib/armv7e-m/fpu\libg_s.a(lib_a-init.o)
 .ARM.attributes
                0x0000034c       0x34 c:/freescale/kds_v3/toolchain/bin/../lib/gcc/arm-none-eabi/4.8.4/../../../../arm-none-eabi/lib/armv7e-m/fpu\libg_s.a(lib_a-memset.o)
 .ARM.attributes
                0x00000380       0x34 c:/freescale/kds_v3/toolchain/bin/../lib/gcc/arm-none-eabi/4.8.4/../../../../arm-none-eabi/lib/armv7e-m/fpu\libnosys.a(_exit.o)
 .ARM.attributes
                0x000003b4       0x22 c:/freescale/kds_v3/toolchain/bin/../lib/gcc/arm-none-eabi/4.8.4/armv7e-m/fpu/crtn.o
OUTPUT(RingBuffer2016-10-30.elf elf32-littlearm)

.debug_info     0x00000000     0x2ed5
 .debug_info    0x00000000      0xb3c ./Static_Code/System/CPU_Init.o
 .debug_info    0x00000b3c      0x826 ./Static_Code/System/Vectors.o
 .debug_info    0x00001362       0xe7 ./Sources/Events.o
 .debug_info    0x00001449       0x9a ./Sources/main.o
 .debug_info    0x000014e3      0x3b0 ./Project_Settings/Startup_Code/startup.o
 .debug_info    0x00001893      0x933 ./Generated_Code/AS1.o
 .debug_info    0x000021c6       0xa7 ./Generated_Code/Cpu.o
 .debug_info    0x0000226d      0x6d0 ./Generated_Code/IO1.o
 .debug_info    0x0000293d      0x24d ./Generated_Code/PE_LDD.o
 .debug_info    0x00002b8a      0x34b ./Generated_Code/RNG1.o

.debug_abbrev   0x00000000      0xb5e
 .debug_abbrev  0x00000000      0x1bf ./Static_Code/System/CPU_Init.o
 .debug_abbrev  0x000001bf       0xd8 ./Static_Code/System/Vectors.o
 .debug_abbrev  0x00000297       0x9a ./Sources/Events.o
 .debug_abbrev  0x00000331       0x47 ./Sources/main.o
 .debug_abbrev  0x00000378      0x189 ./Project_Settings/Startup_Code/startup.o
 .debug_abbrev  0x00000501      0x1db ./Generated_Code/AS1.o
 .debug_abbrev  0x000006dc       0x45 ./Generated_Code/Cpu.o
 .debug_abbrev  0x00000721      0x1a7 ./Generated_Code/IO1.o
 .debug_abbrev  0x000008c8      0x10d ./Generated_Code/PE_LDD.o
 .debug_abbrev  0x000009d5      0x189 ./Generated_Code/RNG1.o

.debug_aranges  0x00000000      0x560
 .debug_aranges
                0x00000000       0x40 ./Static_Code/System/CPU_Init.o
 .debug_aranges
                0x00000040      0x340 ./Static_Code/System/Vectors.o
 .debug_aranges
                0x00000380       0x30 ./Sources/Events.o
 .debug_aranges
                0x000003b0       0x20 ./Sources/main.o
 .debug_aranges
                0x000003d0       0x50 ./Project_Settings/Startup_Code/startup.o
 .debug_aranges
                0x00000420       0x48 ./Generated_Code/AS1.o
 .debug_aranges
                0x00000468       0x28 ./Generated_Code/Cpu.o
 .debug_aranges
                0x00000490       0x38 ./Generated_Code/IO1.o
 .debug_aranges
                0x000004c8       0x30 ./Generated_Code/PE_LDD.o
 .debug_aranges
                0x000004f8       0x68 ./Generated_Code/RNG1.o

.debug_ranges   0x00000000      0x4c0
 .debug_ranges  0x00000000       0x30 ./Static_Code/System/CPU_Init.o
 .debug_ranges  0x00000030      0x330 ./Static_Code/System/Vectors.o
 .debug_ranges  0x00000360       0x20 ./Sources/Events.o
 .debug_ranges  0x00000380       0x10 ./Sources/main.o
 .debug_ranges  0x00000390       0x40 ./Project_Settings/Startup_Code/startup.o
 .debug_ranges  0x000003d0       0x38 ./Generated_Code/AS1.o
 .debug_ranges  0x00000408       0x18 ./Generated_Code/Cpu.o
 .debug_ranges  0x00000420       0x28 ./Generated_Code/IO1.o
 .debug_ranges  0x00000448       0x20 ./Generated_Code/PE_LDD.o
 .debug_ranges  0x00000468       0x58 ./Generated_Code/RNG1.o

.debug_macro    0x00000000    0x2fd8d
 .debug_macro   0x00000000      0x21d ./Static_Code/System/CPU_Init.o
 .debug_macro   0x0000021d      0x850 ./Static_Code/System/CPU_Init.o
 .debug_macro   0x00000a6d       0x16 ./Static_Code/System/CPU_Init.o
 .debug_macro   0x00000a83       0x44 ./Static_Code/System/CPU_Init.o
 .debug_macro   0x00000ac7      0x209 ./Static_Code/System/CPU_Init.o
 .debug_macro   0x00000cd0     0x177c ./Static_Code/System/CPU_Init.o
 .debug_macro   0x0000244c    0x110ae ./Static_Code/System/CPU_Init.o
 .debug_macro   0x000134fa      0x4b6 ./Static_Code/System/CPU_Init.o
 .debug_macro   0x000139b0      0x14e ./Static_Code/System/CPU_Init.o
 .debug_macro   0x00013afe       0x6a ./Static_Code/System/CPU_Init.o
 .debug_macro   0x00013b68       0x58 ./Static_Code/System/CPU_Init.o
 .debug_macro   0x00013bc0       0x35 ./Static_Code/System/CPU_Init.o
 .debug_macro   0x00013bf5       0xa3 ./Static_Code/System/CPU_Init.o
 .debug_macro   0x00013c98       0x16 ./Static_Code/System/CPU_Init.o
 .debug_macro   0x00013cae       0x1c ./Static_Code/System/CPU_Init.o
 .debug_macro   0x00013cca       0x97 ./Static_Code/System/CPU_Init.o
 .debug_macro   0x00013d61       0x10 ./Static_Code/System/CPU_Init.o
 .debug_macro   0x00013d71       0xef ./Static_Code/System/CPU_Init.o
 .debug_macro   0x00013e60       0x52 ./Static_Code/System/CPU_Init.o
 .debug_macro   0x00013eb2       0x16 ./Static_Code/System/CPU_Init.o
 .debug_macro   0x00013ec8       0x43 ./Static_Code/System/CPU_Init.o
 .debug_macro   0x00013f0b      0x180 ./Static_Code/System/CPU_Init.o
 .debug_macro   0x0001408b       0x10 ./Static_Code/System/CPU_Init.o
 .debug_macro   0x0001409b       0x22 ./Static_Code/System/CPU_Init.o
 .debug_macro   0x000140bd       0xbd ./Static_Code/System/CPU_Init.o
 .debug_macro   0x0001417a       0x16 ./Static_Code/System/CPU_Init.o
 .debug_macro   0x00014190      0x14a ./Static_Code/System/CPU_Init.o
 .debug_macro   0x000142da       0x40 ./Static_Code/System/CPU_Init.o
 .debug_macro   0x0001431a       0x50 ./Static_Code/System/CPU_Init.o
 .debug_macro   0x0001436a       0x22 ./Static_Code/System/CPU_Init.o
 .debug_macro   0x0001438c       0x22 ./Static_Code/System/CPU_Init.o
 .debug_macro   0x000143ae       0x2e ./Static_Code/System/CPU_Init.o
 .debug_macro   0x000143dc       0x1d ./Static_Code/System/CPU_Init.o
 .debug_macro   0x000143f9      0x298 ./Static_Code/System/CPU_Init.o
 .debug_macro   0x00014691      0x20b ./Static_Code/System/Vectors.o
 .debug_macro   0x0001489c      0x36d ./Sources/Events.o
 .debug_macro   0x00014c09       0x3a ./Sources/Events.o
 .debug_macro   0x00014c43       0x94 ./Sources/Events.o
 .debug_macro   0x00014cd7      0x616 ./Sources/Events.o
 .debug_macro   0x000152ed      0x625 ./Sources/Events.o
 .debug_macro   0x00015912      0x328 ./Sources/Events.o
 .debug_macro   0x00015c3a      0x1e9 ./Sources/Events.o
 .debug_macro   0x00015e23      0x109 ./Sources/Events.o
 .debug_macro   0x00015f2c      0x17f ./Sources/Events.o
 .debug_macro   0x000160ab      0x202 ./Sources/Events.o
 .debug_macro   0x000162ad      0x91e ./Sources/Events.o
 .debug_macro   0x00016bcb      0x585 ./Sources/Events.o
 .debug_macro   0x00017150       0x9e ./Sources/Events.o
 .debug_macro   0x000171ee      0x1f9 ./Sources/Events.o
 .debug_macro   0x000173e7      0x50f ./Sources/Events.o
 .debug_macro   0x000178f6      0x6a6 ./Sources/Events.o
 .debug_macro   0x00017f9c      0x132 ./Sources/Events.o
 .debug_macro   0x000180ce      0x29c ./Sources/Events.o
 .debug_macro   0x0001836a      0x264 ./Sources/Events.o
 .debug_macro   0x000185ce      0x25b ./Sources/Events.o
 .debug_macro   0x00018829      0x4f1 ./Sources/Events.o
 .debug_macro   0x00018d1a      0x13f ./Sources/Events.o
 .debug_macro   0x00018e59       0x6c ./Sources/Events.o
 .debug_macro   0x00018ec5      0x30d ./Sources/Events.o
 .debug_macro   0x000191d2       0xbb ./Sources/Events.o
 .debug_macro   0x0001928d       0xe9 ./Sources/Events.o
 .debug_macro   0x00019376      0x4ea ./Sources/Events.o
 .debug_macro   0x00019860      0x18f ./Sources/Events.o
 .debug_macro   0x000199ef       0xea ./Sources/Events.o
 .debug_macro   0x00019ad9      0x344 ./Sources/Events.o
 .debug_macro   0x00019e1d      0x824 ./Sources/Events.o
 .debug_macro   0x0001a641      0x179 ./Sources/Events.o
 .debug_macro   0x0001a7ba      0x644 ./Sources/Events.o
 .debug_macro   0x0001adfe      0xa28 ./Sources/Events.o
 .debug_macro   0x0001b826      0x124 ./Sources/Events.o
 .debug_macro   0x0001b94a      0x648 ./Sources/Events.o
 .debug_macro   0x0001bf92       0x81 ./Sources/Events.o
 .debug_macro   0x0001c013      0x7bf ./Sources/Events.o
 .debug_macro   0x0001c7d2      0x10f ./Sources/Events.o
 .debug_macro   0x0001c8e1      0x66f ./Sources/Events.o
 .debug_macro   0x0001cf50       0x7b ./Sources/Events.o
 .debug_macro   0x0001cfcb      0x182 ./Sources/Events.o
 .debug_macro   0x0001d14d      0x36d ./Sources/main.o
 .debug_macro   0x0001d4ba      0x121 ./Project_Settings/Startup_Code/startup.o
 .debug_macro   0x0001d5db      0x166 ./Project_Settings/Startup_Code/startup.o
 .debug_macro   0x0001d741       0x4a ./Project_Settings/Startup_Code/startup.o
 .debug_macro   0x0001d78b      0x2a6 ./Project_Settings/Startup_Code/startup.o
 .debug_macro   0x0001da31       0x10 ./Project_Settings/Startup_Code/startup.o
 .debug_macro   0x0001da41       0x35 ./Project_Settings/Startup_Code/startup.o
 .debug_macro   0x0001da76       0x16 ./Project_Settings/Startup_Code/startup.o
 .debug_macro   0x0001da8c       0x22 ./Project_Settings/Startup_Code/startup.o
 .debug_macro   0x0001daae       0x10 ./Project_Settings/Startup_Code/startup.o
 .debug_macro   0x0001dabe      0x20f ./Project_Settings/Startup_Code/startup.o
 .debug_macro   0x0001dccd    0x110a2 ./Project_Settings/Startup_Code/startup.o
 .debug_macro   0x0002ed6f      0x234 ./Generated_Code/AS1.o
 .debug_macro   0x0002efa3       0x4a ./Generated_Code/AS1.o
 .debug_macro   0x0002efed      0x7b9 ./Generated_Code/AS1.o
 .debug_macro   0x0002f7a6      0x206 ./Generated_Code/Cpu.o
 .debug_macro   0x0002f9ac      0x103 ./Generated_Code/IO1.o
 .debug_macro   0x0002faaf      0x1db ./Generated_Code/PE_LDD.o
 .debug_macro   0x0002fc8a      0x103 ./Generated_Code/RNG1.o

.debug_line     0x00000000     0x3413
 .debug_line    0x00000000      0x537 ./Static_Code/System/CPU_Init.o
 .debug_line    0x00000537      0xadd ./Static_Code/System/Vectors.o
 .debug_line    0x00001014      0x60f ./Sources/Events.o
 .debug_line    0x00001623      0x5f2 ./Sources/main.o
 .debug_line    0x00001c15      0x3b5 ./Project_Settings/Startup_Code/startup.o
 .debug_line    0x00001fca      0x521 ./Generated_Code/AS1.o
 .debug_line    0x000024eb      0x41c ./Generated_Code/Cpu.o
 .debug_line    0x00002907      0x376 ./Generated_Code/IO1.o
 .debug_line    0x00002c7d      0x3d2 ./Generated_Code/PE_LDD.o
 .debug_line    0x0000304f      0x3c4 ./Generated_Code/RNG1.o

.debug_str      0x00000000    0xeaf75
 .debug_str     0x00000000    0x6d046 ./Static_Code/System/CPU_Init.o
                              0x6d25f (size before relaxing)
 .debug_str     0x0006d046      0x98a ./Static_Code/System/Vectors.o
                              0x6d675 (size before relaxing)
 .debug_str     0x0006d9d0    0x7beb1 ./Sources/Events.o
                              0xe7b41 (size before relaxing)
 .debug_str     0x000e9881       0x17 ./Sources/main.o
                              0xe7afc (size before relaxing)
 .debug_str     0x000e9898     0x1094 ./Project_Settings/Startup_Code/startup.o
                              0x63695 (size before relaxing)
 .debug_str     0x000ea92c      0x2d3 ./Generated_Code/AS1.o
                              0x7b10a (size before relaxing)
 .debug_str     0x000eabff       0x28 ./Generated_Code/Cpu.o
                              0x6bccd (size before relaxing)
 .debug_str     0x000eac27       0x69 ./Generated_Code/IO1.o
                              0x7906e (size before relaxing)
 .debug_str     0x000eac90      0x166 ./Generated_Code/PE_LDD.o
                              0x6be67 (size before relaxing)
 .debug_str     0x000eadf6      0x17f ./Generated_Code/RNG1.o
                              0x6a0c6 (size before relaxing)

.comment        0x00000000       0x70
 .comment       0x00000000       0x70 ./Static_Code/System/CPU_Init.o
                                 0x71 (size before relaxing)
 .comment       0x00000000       0x71 ./Static_Code/System/Vectors.o
 .comment       0x00000000       0x71 ./Sources/Events.o
 .comment       0x00000000       0x71 ./Sources/main.o
 .comment       0x00000000       0x71 ./Project_Settings/Startup_Code/startup.o
 .comment       0x00000000       0x71 ./Generated_Code/AS1.o
 .comment       0x00000000       0x71 ./Generated_Code/Cpu.o
 .comment       0x00000000       0x71 ./Generated_Code/IO1.o
 .comment       0x00000000       0x71 ./Generated_Code/PE_LDD.o
 .comment       0x00000000       0x71 ./Generated_Code/RNG1.o

.debug_frame    0x00000000     0x125c
 .debug_frame   0x00000000       0x9c ./Static_Code/System/CPU_Init.o
 .debug_frame   0x0000009c      0xcb0 ./Static_Code/System/Vectors.o
 .debug_frame   0x00000d4c       0x60 ./Sources/Events.o
 .debug_frame   0x00000dac       0x2c ./Sources/main.o
 .debug_frame   0x00000dd8       0xc0 ./Project_Settings/Startup_Code/startup.o
 .debug_frame   0x00000e98       0xcc ./Generated_Code/AS1.o
 .debug_frame   0x00000f64       0x50 ./Generated_Code/Cpu.o
 .debug_frame   0x00000fb4       0x88 ./Generated_Code/IO1.o
 .debug_frame   0x0000103c       0x64 ./Generated_Code/PE_LDD.o
 .debug_frame   0x000010a0      0x128 ./Generated_Code/RNG1.o
 .debug_frame   0x000011c8       0x28 c:/freescale/kds_v3/toolchain/bin/../lib/gcc/arm-none-eabi/4.8.4/../../../../arm-none-eabi/lib/armv7e-m/fpu\libg_s.a(lib_a-exit.o)
 .debug_frame   0x000011f0       0x2c c:/freescale/kds_v3/toolchain/bin/../lib/gcc/arm-none-eabi/4.8.4/../../../../arm-none-eabi/lib/armv7e-m/fpu\libg_s.a(lib_a-init.o)
 .debug_frame   0x0000121c       0x20 c:/freescale/kds_v3/toolchain/bin/../lib/gcc/arm-none-eabi/4.8.4/../../../../arm-none-eabi/lib/armv7e-m/fpu\libg_s.a(lib_a-memset.o)
 .debug_frame   0x0000123c       0x20 c:/freescale/kds_v3/toolchain/bin/../lib/gcc/arm-none-eabi/4.8.4/../../../../arm-none-eabi/lib/armv7e-m/fpu\libnosys.a(_exit.o)
